[0.045s] Invoking command in '/home/vond/autonomy_ws/src/robot/build/autonomy_repo': CMAKE_PREFIX_PATH=${CMAKE_PREFIX_PATH}:/opt/ros/humble /usr/bin/cmake /home/vond/autonomy_ws/src/robot/autonomy_repo -DCMAKE_INSTALL_PREFIX=/home/vond/autonomy_ws/src/robot/install/autonomy_repo
[0.670s] -- The C compiler identification is GNU 11.4.0
[1.035s] -- The CXX compiler identification is GNU 11.4.0
[1.062s] -- Detecting C compiler ABI info
[1.283s] -- Detecting C compiler ABI info - done
[1.289s] -- Check for working C compiler: /usr/bin/cc - skipped
[1.290s] -- Detecting C compile features
[1.292s] -- Detecting C compile features - done
[1.296s] -- Detecting CXX compiler ABI info
[1.474s] -- Detecting CXX compiler ABI info - done
[1.481s] -- Check for working CXX compiler: /usr/bin/c++ - skipped
[1.481s] -- Detecting CXX compile features
[1.482s] -- Detecting CXX compile features - done
[1.532s] -- Found ament_cmake: 1.3.12 (/opt/ros/humble/share/ament_cmake/cmake)
[1.729s] -- Found Python3: /usr/bin/python3 (found version "3.10.12") found components: Interpreter 
[1.897s] -- Found ament_lint_auto: 0.12.14 (/opt/ros/humble/share/ament_lint_auto/cmake)
[1.997s] -- Added test 'flake8' to check Python code syntax and style conventions
[1.998s] -- Added test 'lint_cmake' to check CMake code style
[2.001s] -- Added test 'pep257' to check Python code against some of the docstring style conventions in PEP 257
[2.003s] -- Added test 'xmllint' to check XML markup files
[2.007s] -- Configuring done
[2.012s] -- Generating done
[2.015s] -- Build files have been written to: /home/vond/autonomy_ws/src/robot/build/autonomy_repo
[2.024s] Invoked command in '/home/vond/autonomy_ws/src/robot/build/autonomy_repo' returned '0': CMAKE_PREFIX_PATH=${CMAKE_PREFIX_PATH}:/opt/ros/humble /usr/bin/cmake /home/vond/autonomy_ws/src/robot/autonomy_repo -DCMAKE_INSTALL_PREFIX=/home/vond/autonomy_ws/src/robot/install/autonomy_repo
[2.024s] Invoking command in '/home/vond/autonomy_ws/src/robot/build/autonomy_repo': CMAKE_PREFIX_PATH=${CMAKE_PREFIX_PATH}:/opt/ros/humble /usr/bin/cmake --build /home/vond/autonomy_ws/src/robot/build/autonomy_repo -- -j4 -l4
[2.069s] Invoked command in '/home/vond/autonomy_ws/src/robot/build/autonomy_repo' returned '0': CMAKE_PREFIX_PATH=${CMAKE_PREFIX_PATH}:/opt/ros/humble /usr/bin/cmake --build /home/vond/autonomy_ws/src/robot/build/autonomy_repo -- -j4 -l4
[2.079s] Invoking command in '/home/vond/autonomy_ws/src/robot/build/autonomy_repo': CMAKE_PREFIX_PATH=${CMAKE_PREFIX_PATH}:/opt/ros/humble /usr/bin/cmake --install /home/vond/autonomy_ws/src/robot/build/autonomy_repo
[2.085s] -- Install configuration: ""
[2.086s] -- Installing: /home/vond/autonomy_ws/src/robot/install/autonomy_repo/lib/autonomy_repo/heading_controller.py
[2.086s] -- Installing: /home/vond/autonomy_ws/src/robot/install/autonomy_repo/lib/autonomy_repo/p3_plot.py
[2.086s] -- Installing: /home/vond/autonomy_ws/src/robot/install/autonomy_repo/share/autonomy_repo/launch
[2.087s] -- Installing: /home/vond/autonomy_ws/src/robot/install/autonomy_repo/share/autonomy_repo/launch/heading_control.launch.py
[2.087s] -- Installing: /home/vond/autonomy_ws/src/robot/install/autonomy_repo/share/autonomy_repo/launch/navigator.launch.py
[2.088s] -- Installing: /home/vond/autonomy_ws/src/robot/install/autonomy_repo/share/autonomy_repo/rviz
[2.088s] -- Installing: /home/vond/autonomy_ws/src/robot/install/autonomy_repo/share/autonomy_repo/rviz/default.rviz
[2.088s] -- Installing: /home/vond/autonomy_ws/src/robot/install/autonomy_repo/share/ament_index/resource_index/package_run_dependencies/autonomy_repo
[2.089s] -- Installing: /home/vond/autonomy_ws/src/robot/install/autonomy_repo/share/ament_index/resource_index/parent_prefix_path/autonomy_repo
[2.089s] -- Installing: /home/vond/autonomy_ws/src/robot/install/autonomy_repo/share/autonomy_repo/environment/ament_prefix_path.sh
[2.089s] -- Installing: /home/vond/autonomy_ws/src/robot/install/autonomy_repo/share/autonomy_repo/environment/ament_prefix_path.dsv
[2.089s] -- Installing: /home/vond/autonomy_ws/src/robot/install/autonomy_repo/share/autonomy_repo/environment/path.sh
[2.090s] -- Installing: /home/vond/autonomy_ws/src/robot/install/autonomy_repo/share/autonomy_repo/environment/path.dsv
[2.090s] -- Installing: /home/vond/autonomy_ws/src/robot/install/autonomy_repo/share/autonomy_repo/local_setup.bash
[2.090s] -- Installing: /home/vond/autonomy_ws/src/robot/install/autonomy_repo/share/autonomy_repo/local_setup.sh
[2.091s] -- Installing: /home/vond/autonomy_ws/src/robot/install/autonomy_repo/share/autonomy_repo/local_setup.zsh
[2.091s] -- Installing: /home/vond/autonomy_ws/src/robot/install/autonomy_repo/share/autonomy_repo/local_setup.dsv
[2.091s] -- Installing: /home/vond/autonomy_ws/src/robot/install/autonomy_repo/share/autonomy_repo/package.dsv
[2.092s] -- Installing: /home/vond/autonomy_ws/src/robot/install/autonomy_repo/share/ament_index/resource_index/packages/autonomy_repo
[2.092s] -- Installing: /home/vond/autonomy_ws/src/robot/install/autonomy_repo/share/autonomy_repo/cmake/autonomy_repoConfig.cmake
[2.092s] -- Installing: /home/vond/autonomy_ws/src/robot/install/autonomy_repo/share/autonomy_repo/cmake/autonomy_repoConfig-version.cmake
[2.092s] -- Installing: /home/vond/autonomy_ws/src/robot/install/autonomy_repo/share/autonomy_repo/package.xml
[2.094s] Invoked command in '/home/vond/autonomy_ws/src/robot/build/autonomy_repo' returned '0': CMAKE_PREFIX_PATH=${CMAKE_PREFIX_PATH}:/opt/ros/humble /usr/bin/cmake --install /home/vond/autonomy_ws/src/robot/build/autonomy_repo
