[0.548s] DEBUG:colcon:Command line arguments: ['/usr/bin/colcon', 'build']
[0.549s] DEBUG:colcon:Parsed command line arguments: Namespace(log_base=None, log_level=None, verb_name='build', build_base='build', install_base='install', merge_install=False, symlink_install=False, test_result_base=None, continue_on_error=False, executor='parallel', parallel_workers=4, event_handlers=None, ignore_user_meta=False, metas=['./colcon.meta'], base_paths=['.'], packages_ignore=None, packages_ignore_regex=None, paths=None, packages_up_to=None, packages_up_to_regex=None, packages_above=None, packages_above_and_dependencies=None, packages_above_depth=None, packages_select_by_dep=None, packages_skip_by_dep=None, packages_skip_up_to=None, packages_select_build_failed=False, packages_skip_build_finished=False, packages_select_test_failures=False, packages_skip_test_passed=False, packages_select=None, packages_skip=None, packages_select_regex=None, packages_skip_regex=None, packages_start=None, packages_end=None, allow_overriding=[], cmake_args=None, cmake_target=None, cmake_target_skip_unavailable=False, cmake_clean_cache=False, cmake_clean_first=False, cmake_force_configure=False, ament_cmake_args=None, catkin_cmake_args=None, catkin_skip_building_tests=False, mixin_files=None, mixin=None, verb_parser=<colcon_mixin.mixin.mixin_argument.MixinArgumentDecorator object at 0xffff9fe42ec0>, verb_extension=<colcon_core.verb.build.BuildVerb object at 0xffff9fe424a0>, main=<bound method BuildVerb.main of <colcon_core.verb.build.BuildVerb object at 0xffff9fe424a0>>, mixin_verb=('build',))
[1.299s] Level 1:colcon.colcon_core.package_discovery:discover_packages(colcon_meta) check parameters
[1.299s] Level 1:colcon.colcon_core.package_discovery:discover_packages(recursive) check parameters
[1.299s] Level 1:colcon.colcon_core.package_discovery:discover_packages(ignore) check parameters
[1.299s] Level 1:colcon.colcon_core.package_discovery:discover_packages(path) check parameters
[1.300s] Level 1:colcon.colcon_core.package_discovery:discover_packages(colcon_meta) discover
[1.300s] Level 1:colcon.colcon_core.package_discovery:discover_packages(recursive) discover
[1.300s] INFO:colcon.colcon_core.package_discovery:Crawling recursively for packages in '/home/vond/autonomy_ws/src/robot'
[1.300s] Level 1:colcon.colcon_core.package_identification:_identify(.) by extensions ['ignore', 'ignore_ament_install']
[1.300s] Level 1:colcon.colcon_core.package_identification:_identify(.) by extension 'ignore'
[1.300s] Level 1:colcon.colcon_core.package_identification:_identify(.) by extension 'ignore_ament_install'
[1.301s] Level 1:colcon.colcon_core.package_identification:_identify(.) by extensions ['colcon_pkg']
[1.301s] Level 1:colcon.colcon_core.package_identification:_identify(.) by extension 'colcon_pkg'
[1.301s] Level 1:colcon.colcon_core.package_identification:_identify(.) by extensions ['colcon_meta']
[1.301s] Level 1:colcon.colcon_core.package_identification:_identify(.) by extension 'colcon_meta'
[1.301s] Level 1:colcon.colcon_core.package_identification:_identify(.) by extensions ['ros']
[1.301s] Level 1:colcon.colcon_core.package_identification:_identify(.) by extension 'ros'
[1.344s] Level 1:colcon.colcon_core.package_identification:_identify(.) by extensions ['cmake', 'python']
[1.344s] Level 1:colcon.colcon_core.package_identification:_identify(.) by extension 'cmake'
[1.345s] Level 1:colcon.colcon_core.package_identification:_identify(.) by extension 'python'
[1.345s] Level 1:colcon.colcon_core.package_identification:_identify(.) by extensions ['python_setup_py']
[1.345s] Level 1:colcon.colcon_core.package_identification:_identify(.) by extension 'python_setup_py'
[1.345s] Level 1:colcon.colcon_core.package_identification:_identify(autonomy_repo) by extensions ['ignore', 'ignore_ament_install']
[1.345s] Level 1:colcon.colcon_core.package_identification:_identify(autonomy_repo) by extension 'ignore'
[1.345s] Level 1:colcon.colcon_core.package_identification:_identify(autonomy_repo) by extension 'ignore_ament_install'
[1.345s] Level 1:colcon.colcon_core.package_identification:_identify(autonomy_repo) by extensions ['colcon_pkg']
[1.345s] Level 1:colcon.colcon_core.package_identification:_identify(autonomy_repo) by extension 'colcon_pkg'
[1.345s] Level 1:colcon.colcon_core.package_identification:_identify(autonomy_repo) by extensions ['colcon_meta']
[1.345s] Level 1:colcon.colcon_core.package_identification:_identify(autonomy_repo) by extension 'colcon_meta'
[1.345s] Level 1:colcon.colcon_core.package_identification:_identify(autonomy_repo) by extensions ['ros']
[1.346s] Level 1:colcon.colcon_core.package_identification:_identify(autonomy_repo) by extension 'ros'
[1.353s] DEBUG:colcon.colcon_core.package_identification:Package 'autonomy_repo' with type 'ros.ament_cmake' and name 'autonomy_repo'
[1.353s] Level 1:colcon.colcon_core.package_identification:_identify(build) by extensions ['ignore', 'ignore_ament_install']
[1.353s] Level 1:colcon.colcon_core.package_identification:_identify(build) by extension 'ignore'
[1.353s] Level 1:colcon.colcon_core.package_identification:_identify(build) ignored
[1.353s] Level 1:colcon.colcon_core.package_identification:_identify(install) by extensions ['ignore', 'ignore_ament_install']
[1.353s] Level 1:colcon.colcon_core.package_identification:_identify(install) by extension 'ignore'
[1.353s] Level 1:colcon.colcon_core.package_identification:_identify(install) ignored
[1.353s] Level 1:colcon.colcon_core.package_identification:_identify(log) by extensions ['ignore', 'ignore_ament_install']
[1.353s] Level 1:colcon.colcon_core.package_identification:_identify(log) by extension 'ignore'
[1.353s] Level 1:colcon.colcon_core.package_identification:_identify(log) ignored
[1.353s] Level 1:colcon.colcon_core.package_discovery:discover_packages(recursive) using defaults
[1.353s] Level 1:colcon.colcon_core.package_discovery:discover_packages(ignore) discover
[1.353s] Level 1:colcon.colcon_core.package_discovery:discover_packages(ignore) using defaults
[1.353s] Level 1:colcon.colcon_core.package_discovery:discover_packages(path) discover
[1.353s] Level 1:colcon.colcon_core.package_discovery:discover_packages(path) using defaults
[1.419s] Level 1:colcon.colcon_core.package_discovery:discover_packages(prefix_path) check parameters
[1.419s] Level 1:colcon.colcon_core.package_discovery:discover_packages(prefix_path) discover
[1.439s] DEBUG:colcon.colcon_installed_package_information.package_discovery:Found 18 installed packages in /home/vond/tb_ws/install
[1.441s] DEBUG:colcon.colcon_installed_package_information.package_discovery:Found 300 installed packages in /opt/ros/humble
[1.444s] Level 1:colcon.colcon_core.package_discovery:discover_packages(prefix_path) using defaults
[1.578s] Level 5:colcon.colcon_core.verb:set package 'autonomy_repo' build argument 'cmake_args' from command line to 'None'
[1.578s] Level 5:colcon.colcon_core.verb:set package 'autonomy_repo' build argument 'cmake_target' from command line to 'None'
[1.578s] Level 5:colcon.colcon_core.verb:set package 'autonomy_repo' build argument 'cmake_target_skip_unavailable' from command line to 'False'
[1.578s] Level 5:colcon.colcon_core.verb:set package 'autonomy_repo' build argument 'cmake_clean_cache' from command line to 'False'
[1.578s] Level 5:colcon.colcon_core.verb:set package 'autonomy_repo' build argument 'cmake_clean_first' from command line to 'False'
[1.578s] Level 5:colcon.colcon_core.verb:set package 'autonomy_repo' build argument 'cmake_force_configure' from command line to 'False'
[1.578s] Level 5:colcon.colcon_core.verb:set package 'autonomy_repo' build argument 'ament_cmake_args' from command line to 'None'
[1.578s] Level 5:colcon.colcon_core.verb:set package 'autonomy_repo' build argument 'catkin_cmake_args' from command line to 'None'
[1.578s] Level 5:colcon.colcon_core.verb:set package 'autonomy_repo' build argument 'catkin_skip_building_tests' from command line to 'False'
[1.579s] DEBUG:colcon.colcon_core.verb:Building package 'autonomy_repo' with the following arguments: {'ament_cmake_args': None, 'build_base': '/home/vond/autonomy_ws/src/robot/build/autonomy_repo', 'catkin_cmake_args': None, 'catkin_skip_building_tests': False, 'cmake_args': None, 'cmake_clean_cache': False, 'cmake_clean_first': False, 'cmake_force_configure': False, 'cmake_target': None, 'cmake_target_skip_unavailable': False, 'install_base': '/home/vond/autonomy_ws/src/robot/install/autonomy_repo', 'merge_install': False, 'path': '/home/vond/autonomy_ws/src/robot/autonomy_repo', 'symlink_install': False, 'test_result_base': None}
[1.579s] INFO:colcon.colcon_core.executor:Executing jobs using 'parallel' executor
[1.581s] DEBUG:colcon.colcon_parallel_executor.executor.parallel:run_until_complete
[1.582s] INFO:colcon.colcon_ros.task.ament_cmake.build:Building ROS package in '/home/vond/autonomy_ws/src/robot/autonomy_repo' with build type 'ament_cmake'
[1.582s] INFO:colcon.colcon_cmake.task.cmake.build:Building CMake package in '/home/vond/autonomy_ws/src/robot/autonomy_repo'
[1.591s] INFO:colcon.colcon_core.plugin_system:Skipping extension 'colcon_core.shell.bat': Not used on non-Windows systems
[1.591s] INFO:colcon.colcon_core.shell:Skip shell extension 'powershell' for command environment: Not usable outside of PowerShell
[1.592s] DEBUG:colcon.colcon_core.shell:Skip shell extension 'dsv' for command environment
[1.629s] DEBUG:colcon.colcon_core.event_handler.log_command:Invoking command in '/home/vond/autonomy_ws/src/robot/build/autonomy_repo': CMAKE_PREFIX_PATH=${CMAKE_PREFIX_PATH}:/opt/ros/humble /usr/bin/cmake /home/vond/autonomy_ws/src/robot/autonomy_repo -DCMAKE_INSTALL_PREFIX=/home/vond/autonomy_ws/src/robot/install/autonomy_repo
[3.607s] DEBUG:colcon.colcon_core.event_handler.log_command:Invoked command in '/home/vond/autonomy_ws/src/robot/build/autonomy_repo' returned '0': CMAKE_PREFIX_PATH=${CMAKE_PREFIX_PATH}:/opt/ros/humble /usr/bin/cmake /home/vond/autonomy_ws/src/robot/autonomy_repo -DCMAKE_INSTALL_PREFIX=/home/vond/autonomy_ws/src/robot/install/autonomy_repo
[3.608s] DEBUG:colcon.colcon_core.event_handler.log_command:Invoking command in '/home/vond/autonomy_ws/src/robot/build/autonomy_repo': CMAKE_PREFIX_PATH=${CMAKE_PREFIX_PATH}:/opt/ros/humble /usr/bin/cmake --build /home/vond/autonomy_ws/src/robot/build/autonomy_repo -- -j4 -l4
[3.653s] DEBUG:colcon.colcon_core.event_handler.log_command:Invoked command in '/home/vond/autonomy_ws/src/robot/build/autonomy_repo' returned '0': CMAKE_PREFIX_PATH=${CMAKE_PREFIX_PATH}:/opt/ros/humble /usr/bin/cmake --build /home/vond/autonomy_ws/src/robot/build/autonomy_repo -- -j4 -l4
[3.662s] DEBUG:colcon.colcon_core.event_handler.log_command:Invoking command in '/home/vond/autonomy_ws/src/robot/build/autonomy_repo': CMAKE_PREFIX_PATH=${CMAKE_PREFIX_PATH}:/opt/ros/humble /usr/bin/cmake --install /home/vond/autonomy_ws/src/robot/build/autonomy_repo
[3.677s] Level 1:colcon.colcon_core.environment:create_environment_scripts_only(autonomy_repo)
[3.678s] DEBUG:colcon.colcon_core.event_handler.log_command:Invoked command in '/home/vond/autonomy_ws/src/robot/build/autonomy_repo' returned '0': CMAKE_PREFIX_PATH=${CMAKE_PREFIX_PATH}:/opt/ros/humble /usr/bin/cmake --install /home/vond/autonomy_ws/src/robot/build/autonomy_repo
[3.687s] Level 1:colcon.colcon_core.environment:checking '/home/vond/autonomy_ws/src/robot/install/autonomy_repo' for CMake module files
[3.688s] Level 1:colcon.colcon_core.environment:checking '/home/vond/autonomy_ws/src/robot/install/autonomy_repo' for CMake config files
[3.691s] Level 1:colcon.colcon_core.shell:create_environment_hook('autonomy_repo', 'cmake_prefix_path')
[3.691s] INFO:colcon.colcon_core.shell:Creating environment hook '/home/vond/autonomy_ws/src/robot/install/autonomy_repo/share/autonomy_repo/hook/cmake_prefix_path.ps1'
[3.693s] INFO:colcon.colcon_core.shell:Creating environment descriptor '/home/vond/autonomy_ws/src/robot/install/autonomy_repo/share/autonomy_repo/hook/cmake_prefix_path.dsv'
[3.694s] INFO:colcon.colcon_core.shell:Creating environment hook '/home/vond/autonomy_ws/src/robot/install/autonomy_repo/share/autonomy_repo/hook/cmake_prefix_path.sh'
[3.695s] Level 1:colcon.colcon_core.environment:checking '/home/vond/autonomy_ws/src/robot/install/autonomy_repo/lib'
[3.695s] Level 1:colcon.colcon_core.environment:checking '/home/vond/autonomy_ws/src/robot/install/autonomy_repo/bin'
[3.695s] Level 1:colcon.colcon_core.environment:checking '/home/vond/autonomy_ws/src/robot/install/autonomy_repo/lib/pkgconfig/autonomy_repo.pc'
[3.696s] Level 1:colcon.colcon_core.environment:checking '/home/vond/autonomy_ws/src/robot/install/autonomy_repo/lib/python3.10/site-packages'
[3.696s] Level 1:colcon.colcon_core.environment:checking '/home/vond/autonomy_ws/src/robot/install/autonomy_repo/bin'
[3.696s] INFO:colcon.colcon_core.shell:Creating package script '/home/vond/autonomy_ws/src/robot/install/autonomy_repo/share/autonomy_repo/package.ps1'
[3.698s] INFO:colcon.colcon_core.shell:Creating package descriptor '/home/vond/autonomy_ws/src/robot/install/autonomy_repo/share/autonomy_repo/package.dsv'
[3.699s] INFO:colcon.colcon_core.shell:Creating package script '/home/vond/autonomy_ws/src/robot/install/autonomy_repo/share/autonomy_repo/package.sh'
[3.700s] INFO:colcon.colcon_core.shell:Creating package script '/home/vond/autonomy_ws/src/robot/install/autonomy_repo/share/autonomy_repo/package.bash'
[3.701s] INFO:colcon.colcon_core.shell:Creating package script '/home/vond/autonomy_ws/src/robot/install/autonomy_repo/share/autonomy_repo/package.zsh'
[3.703s] Level 1:colcon.colcon_core.environment:create_file_with_runtime_dependencies(/home/vond/autonomy_ws/src/robot/install/autonomy_repo/share/colcon-core/packages/autonomy_repo)
[3.703s] Level 1:colcon.colcon_core.environment:create_environment_scripts_only(autonomy_repo)
[3.703s] Level 1:colcon.colcon_core.environment:checking '/home/vond/autonomy_ws/src/robot/install/autonomy_repo' for CMake module files
[3.704s] Level 1:colcon.colcon_core.environment:checking '/home/vond/autonomy_ws/src/robot/install/autonomy_repo' for CMake config files
[3.704s] Level 1:colcon.colcon_core.shell:create_environment_hook('autonomy_repo', 'cmake_prefix_path')
[3.704s] INFO:colcon.colcon_core.shell:Creating environment hook '/home/vond/autonomy_ws/src/robot/install/autonomy_repo/share/autonomy_repo/hook/cmake_prefix_path.ps1'
[3.704s] INFO:colcon.colcon_core.shell:Creating environment descriptor '/home/vond/autonomy_ws/src/robot/install/autonomy_repo/share/autonomy_repo/hook/cmake_prefix_path.dsv'
[3.704s] INFO:colcon.colcon_core.shell:Creating environment hook '/home/vond/autonomy_ws/src/robot/install/autonomy_repo/share/autonomy_repo/hook/cmake_prefix_path.sh'
[3.705s] Level 1:colcon.colcon_core.environment:checking '/home/vond/autonomy_ws/src/robot/install/autonomy_repo/lib'
[3.705s] Level 1:colcon.colcon_core.environment:checking '/home/vond/autonomy_ws/src/robot/install/autonomy_repo/bin'
[3.705s] Level 1:colcon.colcon_core.environment:checking '/home/vond/autonomy_ws/src/robot/install/autonomy_repo/lib/pkgconfig/autonomy_repo.pc'
[3.705s] Level 1:colcon.colcon_core.environment:checking '/home/vond/autonomy_ws/src/robot/install/autonomy_repo/lib/python3.10/site-packages'
[3.706s] Level 1:colcon.colcon_core.environment:checking '/home/vond/autonomy_ws/src/robot/install/autonomy_repo/bin'
[3.706s] INFO:colcon.colcon_core.shell:Creating package script '/home/vond/autonomy_ws/src/robot/install/autonomy_repo/share/autonomy_repo/package.ps1'
[3.706s] INFO:colcon.colcon_core.shell:Creating package descriptor '/home/vond/autonomy_ws/src/robot/install/autonomy_repo/share/autonomy_repo/package.dsv'
[3.707s] INFO:colcon.colcon_core.shell:Creating package script '/home/vond/autonomy_ws/src/robot/install/autonomy_repo/share/autonomy_repo/package.sh'
[3.707s] INFO:colcon.colcon_core.shell:Creating package script '/home/vond/autonomy_ws/src/robot/install/autonomy_repo/share/autonomy_repo/package.bash'
[3.708s] INFO:colcon.colcon_core.shell:Creating package script '/home/vond/autonomy_ws/src/robot/install/autonomy_repo/share/autonomy_repo/package.zsh'
[3.709s] Level 1:colcon.colcon_core.environment:create_file_with_runtime_dependencies(/home/vond/autonomy_ws/src/robot/install/autonomy_repo/share/colcon-core/packages/autonomy_repo)
[3.710s] DEBUG:colcon.colcon_parallel_executor.executor.parallel:closing loop
[3.710s] DEBUG:colcon.colcon_parallel_executor.executor.parallel:loop closed
[3.711s] DEBUG:colcon.colcon_parallel_executor.executor.parallel:run_until_complete finished with '0'
[3.711s] DEBUG:colcon.colcon_core.event_reactor:joining thread
[3.731s] INFO:colcon.colcon_core.plugin_system:Skipping extension 'colcon_notification.desktop_notification.terminal_notifier': Not used on non-Darwin systems
[3.731s] INFO:colcon.colcon_core.plugin_system:Skipping extension 'colcon_notification.desktop_notification.win32': Not used on non-Windows systems
[3.731s] INFO:colcon.colcon_notification.desktop_notification:Sending desktop notification using 'notify2'
[3.879s] DEBUG:colcon.colcon_core.event_reactor:joined thread
[3.879s] INFO:colcon.colcon_core.shell:Creating prefix script '/home/vond/autonomy_ws/src/robot/install/local_setup.ps1'
[3.881s] INFO:colcon.colcon_core.shell:Creating prefix util module '/home/vond/autonomy_ws/src/robot/install/_local_setup_util_ps1.py'
[3.884s] INFO:colcon.colcon_core.shell:Creating prefix chain script '/home/vond/autonomy_ws/src/robot/install/setup.ps1'
[3.890s] INFO:colcon.colcon_core.shell:Creating prefix script '/home/vond/autonomy_ws/src/robot/install/local_setup.sh'
[3.892s] INFO:colcon.colcon_core.shell:Creating prefix util module '/home/vond/autonomy_ws/src/robot/install/_local_setup_util_sh.py'
[3.892s] INFO:colcon.colcon_core.shell:Creating prefix chain script '/home/vond/autonomy_ws/src/robot/install/setup.sh'
[3.898s] INFO:colcon.colcon_core.shell:Creating prefix script '/home/vond/autonomy_ws/src/robot/install/local_setup.bash'
[3.901s] INFO:colcon.colcon_core.shell:Creating prefix chain script '/home/vond/autonomy_ws/src/robot/install/setup.bash'
[3.915s] INFO:colcon.colcon_core.shell:Creating prefix script '/home/vond/autonomy_ws/src/robot/install/local_setup.zsh'
[3.920s] INFO:colcon.colcon_core.shell:Creating prefix chain script '/home/vond/autonomy_ws/src/robot/install/setup.zsh'
